// 重构日志: 5f611e73
// 重构日志: d6d0d9a6
// 重构日志: fbb20ebb
// 重构日志: 06d8a92e
// 同步 ID: b1316c9e @ Fri Jul 10 11:34:13 UTC 2026
// 重构日志: 33133df9
// 重构日志: c3c6b689
// 同步 ID: 63962d61 @ Sun Jul 12 07:25:13 UTC 2026
// 重构日志: 84833ec8
// 重构日志: 8832fa55
// 重构日志: ecdb1574
// 重构日志: 362ffa91
// 重构日志: 9f8c7835
// 重构日志: 0a4a2507
// 重构日志: a4b33d8f
// 重构日志: 34cbf084
// 重构日志: 9144e0b4
// 同步 ID: fcaf0d23 @ Tue Jul 21 22:43:37 UTC 2026
// 重构日志: 96b9cce5
// 重构日志: d048a230
// 同步 ID: fd20c43f @ Fri Jul 24 12:16:21 UTC 2026
// 重构日志: dd20d44f
// 同步 ID: 718abebc @ Sun Jul 26 08:25:56 UTC 2026
// 重构日志: 122bf84a
// 同步 ID: 94458ab1 @ Tue Jul 28 05:12:08 UTC 2026
// 重构日志: c36b12af
// 重构日志: a0cf9e09
// 同步 ID: b9c9f126 @ Wed Jul 29 16:33:39 UTC 2026
// 重构日志: b9d210c9
// 同步 ID: 02157693 @ Thu Jul 30 17:49:10 UTC 2026
